<html>
<body>
<pre>
<h1>µVision Build Log</h1>
<h2>Tool Versions:</h2>
IDE-Version: µVision V5.36.0.0
Copyright (C) 2021 ARM Ltd and ARM Germany GmbH. All rights reserved.
License Information: cx DeskCX-1900, cx, LIC=1WSZX-HN18V-65VTW-Q1PXX-ZEPBA-MJHDS
 
Tool Versions:
Toolchain:       MDK-ARM Professional  Version: 5.36.0.0
Toolchain Path:  C:\Keil_v5\ARM\ARMCC\Bin
C Compiler:      Armcc.exe V5.06 update 7 (build 960)
Assembler:       Armasm.exe V5.06 update 7 (build 960)
Linker/Locator:  ArmLink.exe V5.06 update 7 (build 960)
Library Manager: ArmAr.exe V5.06 update 7 (build 960)
Hex Converter:   FromElf.exe V5.06 update 7 (build 960)
CPU DLL:         SARMCM3.DLL V5.36.0.0
Dialog DLL:      DCM.DLL V1.17.3.0
Target DLL:      UL2CM3.DLL V1.164.0.0
Dialog DLL:      TCM.DLL V1.53.0.0
 
<h2>Project:</h2>
G:\Gerrit\ender-hd32\workspace\Forcreality.uvprojx
Project File Date:  12/05/2022

<h2>Output:</h2>
*** Using Compiler 'V5.06 update 7 (build 960)', folder: 'C:\Keil_v5\ARM\ARMCC\Bin'
*** Warning: You are compiling one or more files of source type C++ and have selected 'use MicroLIB'. MicroLIB does not support C++!
  
Rebuild target 'firmware_Release'
compiling hc32f46x_adc.c...
compiling hc32f46x_aes.c...
compiling hc32f46x_can.c...
compiling hc32f46x_clk.c...
compiling hc32f46x_cmp.c...
compiling hc32f46x_crc.c...
compiling hc32f46x_dcu.c...
compiling hc32f46x_dmac.c...
compiling hc32f46x_efm.c...
compiling hc32f46x_emb.c...
compiling hc32f46x_event_port.c...
compiling hc32f46x_exint_nmi_swi.c...
compiling hc32f46x_gpio.c...
compiling hc32f46x_hash.c...
compiling hc32f46x_i2c.c...
compiling hc32f46x_i2s.c...
compiling hc32f46x_icg.c...
compiling hc32f46x_interrupts.c...
compiling hc32f46x_keyscan.c...
compiling hc32f46x_mpu.c...
compiling hc32f46x_ots.c...
compiling hc32f46x_pwc.c...
compiling hc32f46x_qspi.c...
compiling hc32f46x_rmu.c...
compiling hc32f46x_rtc.c...
compiling hc32f46x_sdioc.c...
compiling hc32f46x_spi.c...
compiling hc32f46x_sram.c...
compiling hc32f46x_swdt.c...
compiling hc32f46x_timer0.c...
compiling hc32f46x_timer4_cnt.c...
compiling hc32f46x_timer4_emb.c...
compiling hc32f46x_timer4_oco.c...
compiling hc32f46x_timer4_pwm.c...
compiling hc32f46x_timer4_sevt.c...
compiling hc32f46x_timer6.c...
compiling hc32f46x_timera.c...
compiling hc32f46x_trng.c...
compiling hc32f46x_usart.c...
compiling hc32f46x_utility.c...
compiling hc32f46x_wdt.c...
compiling main.cpp...
compiling board_gpio.c...
assembling startup_hc32f460petb.s...
compiling system_hc32f460petb.c...
compiling MarlinCore.cpp...
compiling serial.cpp...
compiling utility.cpp...
compiling babystep.cpp...
compiling powerloss.cpp...
compiling G28.cpp...
compiling M92.cpp...
compiling M200-M205.cpp...
compiling M220.cpp...
compiling M221.cpp...
compiling M301.cpp...
compiling M302.cpp...
compiling M304.cpp...
compiling M309.cpp...
compiling M17_M18_M84.cpp...
compiling M80_M81.cpp...
compiling M85.cpp...
compiling M108_M112_M410.cpp...
compiling M111.cpp...
compiling M120_M121.cpp...
compiling M211.cpp...
compiling M400.cpp...
compiling M993_M994.cpp...
compiling M997.cpp...
compiling M999.cpp...
compiling T.cpp...
compiling M500-M504.cpp...
compiling M907-M910.cpp...
compiling G27.cpp...
compiling M413.cpp...
compiling M1000.cpp...
compiling G92.cpp...
compiling M206_M428.cpp...
compiling M110.cpp...
compiling M113.cpp...
compiling M114.cpp...
compiling M115.cpp...
compiling M118.cpp...
compiling M119.cpp...
compiling M0_M1.cpp...
compiling M117.cpp...
compiling M145.cpp...
compiling M300.cpp...
compiling M414.cpp...
compiling G0_G1.cpp...
compiling G2_G3.cpp...
compiling G4.cpp...
compiling M290.cpp...
compiling M20.cpp...
compiling M21_M22.cpp...
compiling M23.cpp...
compiling M24_M25.cpp...
compiling M26.cpp...
compiling M27.cpp...
compiling M28_M29.cpp...
compiling M30.cpp...
compiling M32.cpp...
compiling M33.cpp...
compiling M34.cpp...
compiling M524.cpp...
compiling M928.cpp...
compiling M1001.cpp...
compiling M31.cpp...
compiling M75-M78.cpp...
compiling M104_M109.cpp...
compiling M105.cpp...
compiling M106_M107.cpp...
compiling M140_M190.cpp...
compiling M141_M191.cpp...
compiling M143_M193.cpp...
compiling M155.cpp...
compiling M303.cpp...
compiling M82_M83.cpp...
compiling gcode.cpp...
compiling gcode_d.cpp...
compiling parser.cpp...
compiling queue.cpp...
compiling Delay.cpp...
compiling eeprom_api.cpp...
compiling esp_wifi.cpp...
compiling servo.cpp...
compiling u8g_com_stm32duino_swspi.cpp...
compiling tft_fsmc.cpp...
compiling tft_spi.cpp...
compiling xpt2046.cpp...
compiling eeprom_bl24cxx.cpp...
compiling eeprom_flash.cpp...
compiling eeprom_if_iic.cpp...
compiling eeprom_sdcard.cpp...
compiling eeprom_wired.cpp...
compiling fast_pwm.cpp...
compiling HAL.cpp...
compiling HAL_SPI.cpp...
compiling sdio.cpp...
compiling SPI.cpp...
compiling timers.cpp...
compiling watchdog.cpp...
compiling HAL_MinSerial.cpp...
compiling MarlinSerial.cpp...
compiling msc_sd.cpp...
compiling onboard_sd.cpp...
compiling lcdprint_u8g.cpp...
compiling marlinui_DOGM.cpp...
compiling status_screen_DOGM.cpp...
compiling status_screen_lite_ST7920.cpp...
compiling u8g_dev_ssd1306_sh1106_128x64_I2C.cpp...
compiling u8g_dev_ssd1309_12864.cpp...
compiling u8g_dev_st7565_64128n_HAL.cpp...
compiling u8g_dev_st7920_128x64_HAL.cpp...
compiling u8g_dev_tft_upscale_from_128x64.cpp...
compiling u8g_dev_uc1701_mini12864_HAL.cpp...
compiling u8g_fontutf8.cpp...
compiling ultralcd_st7920_u8glib_rrd_AVR.cpp...
compiling dwin_lcd.cpp...
compiling dwin.cpp...
compiling rotary_encoder.cpp...
compiling ui_api.cpp...
compiling menu.cpp...
compiling menu_advanced.cpp...
compiling menu_backlash.cpp...
compiling menu_bed_corners.cpp...
compiling menu_bed_leveling.cpp...
compiling menu_cancelobject.cpp...
compiling menu_configuration.cpp...
compiling menu_delta_calibrate.cpp...
compiling menu_filament.cpp...
compiling menu_game.cpp...
compiling menu_info.cpp...
compiling menu_job_recovery.cpp...
compiling menu_language.cpp...
compiling menu_led.cpp...
compiling menu_main.cpp...
compiling menu_media.cpp...
compiling menu_mixer.cpp...
compiling menu_mmu2.cpp...
compiling menu_motion.cpp...
compiling menu_password.cpp...
compiling menu_power_monitor.cpp...
compiling menu_probe_offset.cpp...
compiling menu_spindle_laser.cpp...
compiling menu_temperature.cpp...
compiling menu_tmc.cpp...
compiling menu_touch_screen.cpp...
compiling menu_tramming.cpp...
compiling menu_tune.cpp...
compiling menu_ubl.cpp...
compiling fontutils.cpp...
compiling lcdprint.cpp...
compiling marlinui.cpp...
compiling BL24CXX.cpp...
compiling buzzer.cpp...
compiling crc16.cpp...
compiling nozzle.cpp...
compiling numtostr.cpp...
compiling stopwatch.cpp...
compiling vector_3.cpp...
compiling indirection.cpp...
compiling endstops.cpp...
compiling motion.cpp...
compiling planner.cpp...
compiling settings.cpp...
compiling stepper.cpp...
compiling temperature.cpp...
compiling tool_change.cpp...
compiling cardreader.cpp...
compiling Sd2Card.cpp...
compiling SdBaseFile.cpp...
compiling SdFatUtil.cpp...
compiling SdFile.cpp...
compiling SdVolume.cpp...
compiling BasicMathFunctions.c...
compiling BasicMathFunctionsF16.c...
compiling BayesFunctions.c...
compiling BayesFunctionsF16.c...
compiling CommonTables.c...
compiling CommonTablesF16.c...
compiling ComplexMathFunctions.c...
compiling ComplexMathFunctionsF16.c...
compiling ControllerFunctions.c...
compiling DistanceFunctions.c...
compiling DistanceFunctionsF16.c...
compiling FastMathFunctions.c...
compiling FastMathFunctionsF16.c...
compiling FilteringFunctions.c...
compiling FilteringFunctionsF16.c...
compiling InterpolationFunctions.c...
compiling InterpolationFunctionsF16.c...
compiling MatrixFunctions.c...
compiling MatrixFunctionsF16.c...
compiling QuaternionMathFunctions.c...
compiling SVMFunctions.c...
compiling SVMFunctionsF16.c...
compiling StatisticsFunctions.c...
compiling StatisticsFunctionsF16.c...
compiling SupportFunctions.c...
compiling SupportFunctionsF16.c...
compiling TransformFunctions.c...
compiling TransformFunctionsF16.c...
linking...
Program Size: Code=151060 RO-data=72992 RW-data=2024 ZI-data=8336  
After Build - User command #1: c:\Keil_v5\ARM\ARMCC\bin\fromelf.exe --bin -o  .\bin\firmware.bin  .\list\firmware.axf
".\list\firmware.axf" - 0 Error(s), 0 Warning(s).

<h2>Software Packages used:</h2>

Package Vendor: ARM
                http://www.keil.com/pack/ARM.CMSIS.5.8.0.pack
                ARM.CMSIS.5.8.0
                CMSIS (Common Microcontroller Software Interface Standard)
   * Component: CORE Version: 5.5.0
   * Component: DSP Variant: Source Version: 1.9.0-dev

Package Vendor: HDSC
                https://raw.githubusercontent.com/hdscmcu/pack/master/HDSC.HC32F46x.1.0.2.pack
                HDSC.HC32F46x.1.0.2
                HC32F46x ARM Cortex-M4 Device Family Pack

<h2>Collection of Component include folders:</h2>
  .\RTE\_firmware_Release
  C:\Users\DeskCX-1900\AppData\Local\Arm\Packs\ARM\CMSIS\5.8.0\CMSIS\Core\Include
  C:\Users\DeskCX-1900\AppData\Local\Arm\Packs\ARM\CMSIS\5.8.0\CMSIS\DSP\Include
  C:\Users\DeskCX-1900\AppData\Local\Arm\Packs\ARM\CMSIS\5.8.0\CMSIS\DSP\PrivateInclude
  C:\Users\DeskCX-1900\AppData\Local\Arm\Packs\HDSC\HC32F46x\1.0.2\Device\Include

<h2>Collection of Component Files used:</h2>

   * Component: ARM::CMSIS:CORE:5.5.0

   * Component: ARM::CMSIS:DSP:Source:1.9.0-dev
      Include file:  CMSIS\DSP\Include\arm_const_structs.h
      Source file:   CMSIS\DSP\Source\BayesFunctions\BayesFunctions.c
      Source file:   CMSIS\DSP\Source\ComplexMathFunctions\ComplexMathFunctions.c
      Source file:   CMSIS\DSP\Source\BasicMathFunctions\BasicMathFunctions.c
      Source file:   CMSIS\DSP\Source\MatrixFunctions\MatrixFunctions.c
      Include file:  CMSIS\DSP\Include\arm_common_tables.h
      Source file:   CMSIS\DSP\Source\QuaternionMathFunctions\QuaternionMathFunctions.c
      Source file:   CMSIS\DSP\Source\FilteringFunctions\FilteringFunctions.c
      Source file:   CMSIS\DSP\Source\StatisticsFunctions\StatisticsFunctions.c
      Include file:  CMSIS\DSP\Include\arm_math.h
      Include file:  CMSIS\DSP\Include\arm_math_f16.h
      Include file:  CMSIS\DSP\Include\arm_common_tables_f16.h
      Source file:   CMSIS\DSP\Source\ControllerFunctions\ControllerFunctions.c
      Source file:   CMSIS\DSP\Source\FastMathFunctions\FastMathFunctions.c
      Source file:   CMSIS\DSP\Source\DistanceFunctions\DistanceFunctions.c
      Source file:   CMSIS\DSP\Source\CommonTables\CommonTables.c
      Include file:  CMSIS\DSP\Include\arm_const_structs_f16.h
      Source file:   CMSIS\DSP\Source\MatrixFunctions\MatrixFunctionsF16.c
      Source file:   CMSIS\DSP\Source\SVMFunctions\SVMFunctions.c
      Source file:   CMSIS\DSP\Source\SVMFunctions\SVMFunctionsF16.c
      Source file:   CMSIS\DSP\Source\BayesFunctions\BayesFunctionsF16.c
      Source file:   CMSIS\DSP\Source\TransformFunctions\TransformFunctions.c
      Source file:   CMSIS\DSP\Source\ComplexMathFunctions\ComplexMathFunctionsF16.c
      Source file:   CMSIS\DSP\Source\CommonTables\CommonTablesF16.c
      Source file:   CMSIS\DSP\Source\SupportFunctions\SupportFunctionsF16.c
      Source file:   CMSIS\DSP\Source\FilteringFunctions\FilteringFunctionsF16.c
      Source file:   CMSIS\DSP\Source\SupportFunctions\SupportFunctions.c
      Source file:   CMSIS\DSP\Source\TransformFunctions\TransformFunctionsF16.c
      Source file:   CMSIS\DSP\Source\InterpolationFunctions\InterpolationFunctionsF16.c
      Source file:   CMSIS\DSP\Source\InterpolationFunctions\InterpolationFunctions.c
      Source file:   CMSIS\DSP\Source\StatisticsFunctions\StatisticsFunctionsF16.c
      Source file:   CMSIS\DSP\Source\BasicMathFunctions\BasicMathFunctionsF16.c
      Source file:   CMSIS\DSP\Source\FastMathFunctions\FastMathFunctionsF16.c
      Source file:   CMSIS\DSP\Source\DistanceFunctions\DistanceFunctionsF16.c
Build Time Elapsed:  00:22:46
</pre>
</body>
</html>
